// Jest Snapshot v1, https://goo.gl/fbAQLP

exports[`Preloader component renders the app in the page 1`] = `ShallowWrapper {}`;
