// Jest Snapshot v1, https://goo.gl/fbAQLP

exports[`Search component renders the search bar in the page 1`] = `ShallowWrapper {}`;
